Archive member included to satisfy reference by file (symbol)

/usr/share/crossworks_for_arm_4.6/lib/libdebugio_v7m_t_le_eabi.a(libdebugio.o)
                              Project THUMB Debug/thumb_crt0.o (debug_fopen)
/usr/share/crossworks_for_arm_4.6/lib/libdebugio_mempoll_v7m_t_le_eabi.a(mempoll_debug_operations.o)
                              /usr/share/crossworks_for_arm_4.6/lib/libdebugio_v7m_t_le_eabi.a(libdebugio.o) (__do_debug_operation)
/usr/share/crossworks_for_arm_4.6/lib/libdebugio_mempoll_v7m_t_le_eabi.a(do_nv_debug_operation.o)
                              /usr/share/crossworks_for_arm_4.6/lib/libdebugio_v7m_t_le_eabi.a(libdebugio.o) (__do_nvdebug_operation)
/usr/share/crossworks_for_arm_4.6/lib/libm_v7m_t_le_eabi.a(libm_asm.o)
                              /usr/share/crossworks_for_arm_4.6/lib/libvfscanf_v7m_t_le_eabi.o (__aeabi_i2d)
/usr/share/crossworks_for_arm_4.6/lib/libm_v7m_t_le_eabi.a(libm2.o)
                              /usr/share/crossworks_for_arm_4.6/lib/libvfprintf_v7m_t_le_eabi.o (frexp)
/usr/share/crossworks_for_arm_4.6/lib/libm_v7m_t_le_eabi.a(libm2_asm.o)
                              /usr/share/crossworks_for_arm_4.6/lib/libm_v7m_t_le_eabi.a(libm2.o) (fabs)
/usr/share/crossworks_for_arm_4.6/lib/libc_v7m_t_le_eabi.a(libc_asm.o)
                              /usr/share/crossworks_for_arm_4.6/lib/libvfprintf_v7m_t_le_eabi.o (__aeabi_uldivmod)
/usr/share/crossworks_for_arm_4.6/lib/libc_v7m_t_le_eabi.a(libc2.o)
                              /usr/share/crossworks_for_arm_4.6/lib/libvfscanf_v7m_t_le_eabi.o (__getc)
/usr/share/crossworks_for_arm_4.6/lib/libc_v7m_t_le_eabi.a(libc2_asm.o)
                              /usr/share/crossworks_for_arm_4.6/lib/libc_v7m_t_le_eabi.a(libc2.o) (memcpy)
/usr/share/crossworks_for_arm_4.6/lib/libc_v7m_t_le_eabi.a(libc.o)
                              /usr/share/crossworks_for_arm_4.6/lib/libc_v7m_t_le_eabi.a(libc2.o) (__heap_lock)

Discarded input sections

 .text          0x0000000000000000        0x0 Project THUMB Debug/thumb_crt0.o
 .data          0x0000000000000000        0x0 Project THUMB Debug/thumb_crt0.o
 .bss           0x0000000000000000        0x0 Project THUMB Debug/thumb_crt0.o
 .text.__aeabi_read_tp
                0x0000000000000000        0x8 Project THUMB Debug/thumb_crt0.o
 .text.abort    0x0000000000000000        0x2 Project THUMB Debug/thumb_crt0.o
 .text.__assert
                0x0000000000000000        0x2 Project THUMB Debug/thumb_crt0.o
 .text.__aeabi_assert
                0x0000000000000000        0x2 Project THUMB Debug/thumb_crt0.o
 .text.__sync_synchronize
                0x0000000000000000        0x2 Project THUMB Debug/thumb_crt0.o
 .text.__getchar
                0x0000000000000000        0x4 Project THUMB Debug/thumb_crt0.o
 .text.__putchar
                0x0000000000000000        0x4 Project THUMB Debug/thumb_crt0.o
 .text.__open   0x0000000000000000        0x4 Project THUMB Debug/thumb_crt0.o
 .text.__close  0x0000000000000000        0x4 Project THUMB Debug/thumb_crt0.o
 .text.__write  0x0000000000000000        0xa Project THUMB Debug/thumb_crt0.o
 .text.__read   0x0000000000000000        0xa Project THUMB Debug/thumb_crt0.o
 .text.__seek   0x0000000000000000       0x1a Project THUMB Debug/thumb_crt0.o
 .bss.__user_locale_name_buffer
                0x0000000000000000        0x4 Project THUMB Debug/thumb_crt0.o
 .stack         0x0000000000000000        0x0 Project THUMB Debug/thumb_crt0.o
 .stack_process
                0x0000000000000000        0x0 Project THUMB Debug/thumb_crt0.o
 .heap          0x0000000000000000        0x0 Project THUMB Debug/thumb_crt0.o
 .text          0x0000000000000000        0x0 Project THUMB Debug/STM32_Startup.o
 .data          0x0000000000000000        0x0 Project THUMB Debug/STM32_Startup.o
 .bss           0x0000000000000000        0x0 Project THUMB Debug/STM32_Startup.o
 .group         0x0000000000000000        0xc Project THUMB Debug/system_stm32l1xx.o
 .group         0x0000000000000000        0xc Project THUMB Debug/system_stm32l1xx.o
 .group         0x0000000000000000        0xc Project THUMB Debug/system_stm32l1xx.o
 .group         0x0000000000000000        0xc Project THUMB Debug/system_stm32l1xx.o
 .group         0x0000000000000000        0xc Project THUMB Debug/system_stm32l1xx.o
 .group         0x0000000000000000        0xc Project THUMB Debug/system_stm32l1xx.o
 .group         0x0000000000000000        0xc Project THUMB Debug/system_stm32l1xx.o
 .group         0x0000000000000000        0xc Project THUMB Debug/system_stm32l1xx.o
 .group         0x0000000000000000        0xc Project THUMB Debug/system_stm32l1xx.o
 .group         0x0000000000000000        0xc Project THUMB Debug/system_stm32l1xx.o
 .group         0x0000000000000000        0xc Project THUMB Debug/system_stm32l1xx.o
 .group         0x0000000000000000        0xc Project THUMB Debug/system_stm32l1xx.o
 .group         0x0000000000000000        0xc Project THUMB Debug/system_stm32l1xx.o
[...]
Memory Configuration

Name             Origin             Length             Attributes
UNPLACED_SECTIONS 0x0000000100000000 0x0000000000000000 xw
EEPROM           0x0000000008080000 0x0000000000001000 xr
FLASH            0x0000000008000000 0x0000000000040000 xr
SYSTEM           0x000000001fff0000 0x0000000000002000 xw
OPTION           0x000000001ffff800 0x0000000000000020 xw
RAM              0x0000000020000000 0x0000000000008000 xw
APB1             0x0000000040000000 0x0000000000008000 xw
APB2             0x0000000040010000 0x0000000000004000 xw
AHB              0x0000000040020000 0x0000000000006800 xw
PPB              0x00000000e0000000 0x0000000000100000 xw
*default*        0x0000000000000000 0xffffffffffffffff

Linker script and memory map

                0x0000000000000000                __vfprintf = __vfprintf_float_long_long
                0x0000000000000000                __vfscanf = __vfscanf_float_long_long_cc
                0x0000000008080000                __EEPROM_segment_start__ = 0x8080000
                0x0000000008081000                __EEPROM_segment_end__ = 0x8081000
                0x0000000000001000                __EEPROM_segment_size__ = 0x1000
                0x0000000008000000                __FLASH_segment_start__ = 0x8000000
                0x0000000008040000                __FLASH_segment_end__ = 0x8040000
                0x0000000000040000                __FLASH_segment_size__ = 0x40000
                0x000000001fff0000                __SYSTEM_segment_start__ = 0x1fff0000
                0x000000001fff2000                __SYSTEM_segment_end__ = 0x1fff2000
                0x0000000000002000                __SYSTEM_segment_size__ = 0x2000
                0x000000001ffff800                __OPTION_segment_start__ = 0x1ffff800
                0x000000001ffff820                __OPTION_segment_end__ = 0x1ffff820
                0x0000000000000020                __OPTION_segment_size__ = 0x20
                0x0000000020000000                __RAM_segment_start__ = 0x20000000
                0x0000000020008000                __RAM_segment_end__ = 0x20008000
                0x0000000000008000                __RAM_segment_size__ = 0x8000
                0x0000000040000000                __APB1_segment_start__ = 0x40000000
                0x0000000040008000                __APB1_segment_end__ = 0x40008000
                0x0000000000008000                __APB1_segment_size__ = 0x8000
                0x0000000040010000                __APB2_segment_start__ = 0x40010000
                0x0000000040014000                __APB2_segment_end__ = 0x40014000
                0x0000000000004000                __APB2_segment_size__ = 0x4000
                0x0000000040020000                __AHB_segment_start__ = 0x40020000
                0x0000000040026800                __AHB_segment_end__ = 0x40026800
                0x0000000000006800                __AHB_segment_size__ = 0x6800
                0x00000000e0000000                __PPB_segment_start__ = 0xe0000000
                0x00000000e0100000                __PPB_segment_end__ = 0xe0100000
                0x0000000000100000                __PPB_segment_size__ = 0x100000
                0x0000000000000080                __HEAPSIZE__ = 0x80
                0x0000000000000000                __STACKSIZE_ABT__ = 0x0
                0x0000000000000000                __STACKSIZE_FIQ__ = 0x0
                0x0000000000000000                __STACKSIZE_IRQ__ = 0x0
                0x0000000000000000                __STACKSIZE_PROCESS__ = 0x0
                0x0000000000000000                __STACKSIZE_SVC__ = 0x0
                0x0000000000000000                __STACKSIZE_UND__ = 0x0
                0x0000000000000100                __STACKSIZE__ = 0x100
                0x0000000008080000                __eeprom_load_start__ = ALIGN (__EEPROM_segment_start__, 0x4)

.eeprom         0x0000000008080000        0x0
                0x0000000008080000                __eeprom_start__ = .
 *(.eeprom .eeprom.*)
                0x0000000008080000                __eeprom_end__ = (__eeprom_start__ + SIZEOF (.eeprom))
                0x0000000000000000                __eeprom_size__ = SIZEOF (.eeprom)
                0x0000000008080000                __eeprom_load_end__ = __eeprom_end__
                0x0000000008080000                __EEPROM_segment_used_end__ = (ALIGN (__EEPROM_segment_start__, 0x4) + SIZEOF (.eeprom))
                0x0000000000000000                __EEPROM_segment_used_size__ = (__EEPROM_segment_used_end__ - __EEPROM_segment_start__)
                0x0000000000000001                . = ASSERT (((__eeprom_start__ == __eeprom_end__) || ((__eeprom_end__ - __EEPROM_segment_start__) <= __EEPROM_segment_size__)), error: .eeprom is too large to fit in EEPROM memory segment)
                0x0000000020000000                __vectors_ram_load_start__ = ALIGN (__RAM_segment_start__, 0x100)

.vectors_ram    0x0000000020000000        0x0
                0x0000000020000000                __vectors_ram_start__ = .
 *(.vectors_ram .vectors_ram.*)
                0x0000000020000000                __vectors_ram_end__ = (__vectors_ram_start__ + SIZEOF (.vectors_ram))
                0x0000000000000000                __vectors_ram_size__ = SIZEOF (.vectors_ram)
                0x0000000020000000                __vectors_ram_load_end__ = __vectors_ram_end__
                0x0000000000000001                . = ASSERT (((__vectors_ram_start__ == __vectors_ram_end__) || ((__vectors_ram_end__ - __RAM_segment_start__) <= __RAM_segment_size__)), error: .vectors_ram is too large to fit in RAM memory segment)
                0x0000000008000000                __vectors_load_start__ = ALIGN (__FLASH_segment_start__, 0x100)

.vectors        0x0000000008000000      0x124
                0x0000000008000000                __vectors_start__ = .
 *(.vectors .vectors.*)
 .vectors       0x0000000008000000      0x124 Project THUMB Debug/STM32_Startup.o
                0x0000000008000000                _vectors
                0x0000000008000124                __vectors_end__ = (__vectors_start__ + SIZEOF (.vectors))
                0x0000000000000124                __vectors_size__ = SIZEOF (.vectors)
                0x0000000008000124                __vectors_load_end__ = __vectors_end__
                0x0000000000000001                . = ASSERT (((__vectors_start__ == __vectors_end__) || ((__vectors_end__ - __FLASH_segment_start__) <= __FLASH_segment_size__)), error: .vectors is too large to fit in FLASH memory segment)
                0x0000000008000124                __init_load_start__ = ALIGN (__vectors_end__, 0x4)

.init           0x0000000008000124      0x1f4
                0x0000000008000124                __init_start__ = .
 *(.init .init.*)
 .init          0x0000000008000124      0x154 Project THUMB Debug/thumb_crt0.o
                0x0000000008000124                _start
                0x00000000080001d4                exit
 .init          0x0000000008000278       0xa0 Project THUMB Debug/STM32_Startup.o
                0x000000000800028a                WWDG_IRQHandler
                0x000000000800028c                PVD_IRQHandler
                0x000000000800028e                TAMPER_STAMP_IRQHandler
                0x0000000008000292                FLASH_IRQHandler
                0x0000000008000294                RCC_IRQHandler
                0x0000000008000298                EXTI1_IRQHandler
                0x000000000800029a                EXTI2_IRQHandler
                0x000000000800029c                EXTI3_IRQHandler
                0x000000000800029e                EXTI4_IRQHandler
                0x00000000080002a2                DMA1_Channel2_IRQHandler
                0x00000000080002a4                DMA1_Channel3_IRQHandler
                0x00000000080002a6                DMA1_Channel4_IRQHandler
                0x00000000080002a8                DMA1_Channel5_IRQHandler
                0x00000000080002aa                DMA1_Channel6_IRQHandler
                0x00000000080002ac                DMA1_Channel7_IRQHandler
                0x00000000080002ae                ADC1_IRQHandler
                0x00000000080002b0                USB_HP_IRQHandler
                0x00000000080002b2                USB_LP_IRQHandler
                0x00000000080002b4                DAC_IRQHandler
                0x00000000080002b6                COMP_IRQHandler
                0x00000000080002b8                EXTI9_5_IRQHandler
                0x00000000080002ba                LCD_IRQHandler
                0x00000000080002bc                TIM9_IRQHandler
                0x00000000080002be                TIM10_IRQHandler
                0x00000000080002c0                TIM11_IRQHandler
                0x00000000080002c2                TIM2_IRQHandler
                0x00000000080002c4                TIM3_IRQHandler
                0x00000000080002c6                TIM4_IRQHandler
                0x00000000080002c8                I2C1_EV_IRQHandler
                0x00000000080002ca                I2C1_ER_IRQHandler
                0x00000000080002cc                I2C2_EV_IRQHandler
                0x00000000080002ce                I2C2_ER_IRQHandler
                0x00000000080002d0                SPI1_IRQHandler
                0x00000000080002d2                SPI2_IRQHandler
                0x00000000080002d4                USART1_IRQHandler
                0x00000000080002d6                USART2_IRQHandler
                0x00000000080002d8                USART3_IRQHandler
                0x00000000080002da                EXTI15_10_IRQHandler
                0x00000000080002dc                RTC_Alarm_IRQHandler
                0x00000000080002de                USB_FS_WKUP_IRQHandler
                0x00000000080002e0                TIM6_IRQHandler
                0x00000000080002e2                TIM7_IRQHandler
                0x00000000080002e4                TIM5_IRQHandler
                0x00000000080002e6                SPI3_IRQHandler
                0x00000000080002e8                DMA2_Channel1_IRQHandler
                0x00000000080002ea                DMA2_Channel2_IRQHandler
                0x00000000080002ec                DMA2_Channel3_IRQHandler
                0x00000000080002ee                DMA2_Channel4_IRQHandler
                0x00000000080002f0                DMA2_Channel5_IRQHandler
                0x00000000080002f2                COMP_ACQ_IRQHandler
                0x00000000080002f4                reset_handler
                0x0000000008000318                __init_end__ = (__init_start__ + SIZEOF (.init))
                0x00000000000001f4                __init_size__ = SIZEOF (.init)
                0x0000000008000318                __init_load_end__ = __init_end__
                0x0000000000000001                . = ASSERT (((__init_start__ == __init_end__) || ((__init_end__ - __FLASH_segment_start__) <= __FLASH_segment_size__)), error: .init is too large to fit in FLASH memory segment)
                0x0000000008000318                __init_rodata_load_start__ = ALIGN (__init_end__, 0x4)

.init_rodata    0x0000000008000318        0x0
                0x0000000008000318                __init_rodata_start__ = .
 *(.init_rodata .init_rodata.*)
                0x0000000008000318                __init_rodata_end__ = (__init_rodata_start__ + SIZEOF (.init_rodata))
                0x0000000000000000                __init_rodata_size__ = SIZEOF (.init_rodata)
                0x0000000008000318                __init_rodata_load_end__ = __init_rodata_end__
                0x0000000000000001                . = ASSERT (((__init_rodata_start__ == __init_rodata_end__) || ((__init_rodata_end__ - __FLASH_segment_start__) <= __FLASH_segment_size__)), error: .init_rodata is too large to fit in FLASH memory segment)
                0x0000000008000318                __text_load_start__ = ALIGN (__init_rodata_end__, 0x4)

.text           0x0000000008000318     0x1920
                0x0000000008000318                __text_start__ = .
 *(.text .text.* .glue_7t .glue_7 .gnu.linkonce.t.* .gcc_except_table .ARM.extab* .gnu.linkonce.armextab.*)
 .glue_7        0x0000000008000318        0x0 linker stubs
 .glue_7t       0x0000000008000318        0x0 linker stubs
 .text.SystemInit
                0x0000000008000318       0x64 Project THUMB Debug/system_stm32l1xx.o
                0x0000000008000318                SystemInit
 .text.SetSysClock
                0x000000000800037c       0xe0 Project THUMB Debug/system_stm32l1xx.o
 .text.NVIC_Init
                0x000000000800045c       0xdc Project THUMB Debug/misc.o
                0x000000000800045c                NVIC_Init
 .text.DMA_ClearFlag
                0x0000000008000538       0x2c Project THUMB Debug/stm32l1xx_dma.o
                0x0000000008000538                DMA_ClearFlag
 .text.EXTI_Init
                0x0000000008000564       0xdc Project THUMB Debug/stm32l1xx_exti.o
                0x0000000008000564                EXTI_Init
 .text.EXTI_ClearITPendingBit
                0x0000000008000640       0x14 Project THUMB Debug/stm32l1xx_exti.o
                0x0000000008000640                EXTI_ClearITPendingBit
 .text.GPIO_Init
                0x0000000008000654      0x122 Project THUMB Debug/stm32l1xx_gpio.o
                0x0000000008000654                GPIO_Init
 .text.GPIO_StructInit
                0x0000000008000776       0x2a Project THUMB Debug/stm32l1xx_gpio.o
                0x0000000008000776                GPIO_StructInit
 .text.GPIO_ReadInputDataBit
                0x00000000080007a0       0x3a Project THUMB Debug/stm32l1xx_gpio.o
                0x00000000080007a0                GPIO_ReadInputDataBit
 .text.GPIO_SetBits
                0x00000000080007da       0x18 Project THUMB Debug/stm32l1xx_gpio.o
                0x00000000080007da                GPIO_SetBits
 .text.GPIO_ResetBits
                0x00000000080007f2       0x18 Project THUMB Debug/stm32l1xx_gpio.o
                0x00000000080007f2                GPIO_ResetBits
 .text.GPIO_PinAFConfig
                0x000000000800080a       0x9a Project THUMB Debug/stm32l1xx_gpio.o
                0x000000000800080a                GPIO_PinAFConfig
 .text.LCD_Init
                0x00000000080008a4       0x5c Project THUMB Debug/stm32l1xx_lcd.o
                0x00000000080008a4                LCD_Init
 .text.LCD_Cmd  0x0000000008000900       0x1c Project THUMB Debug/stm32l1xx_lcd.o
                0x0000000008000900                LCD_Cmd
 .text.LCD_WaitForSynchro
                0x000000000800091c       0x18 Project THUMB Debug/stm32l1xx_lcd.o
                0x000000000800091c                LCD_WaitForSynchro
 .text.LCD_MuxSegmentCmd
                0x0000000008000934       0x1c Project THUMB Debug/stm32l1xx_lcd.o
                0x0000000008000934                LCD_MuxSegmentCmd
 .text.LCD_PulseOnDurationConfig
                0x0000000008000950       0x28 Project THUMB Debug/stm32l1xx_lcd.o
                0x0000000008000950                LCD_PulseOnDurationConfig
 .text.LCD_DeadTimeConfig
                0x0000000008000978       0x28 Project THUMB Debug/stm32l1xx_lcd.o
                0x0000000008000978                LCD_DeadTimeConfig
 .text.LCD_BlinkConfig
                0x00000000080009a0       0x2c Project THUMB Debug/stm32l1xx_lcd.o
                0x00000000080009a0                LCD_BlinkConfig
 .text.LCD_ContrastConfig
                0x00000000080009cc       0x28 Project THUMB Debug/stm32l1xx_lcd.o
                0x00000000080009cc                LCD_ContrastConfig
 .text.LCD_UpdateDisplayRequest
                0x00000000080009f4       0x10 Project THUMB Debug/stm32l1xx_lcd.o
                0x00000000080009f4                LCD_UpdateDisplayRequest
 .text.LCD_GetFlagStatus
                0x0000000008000a04       0x34 Project THUMB Debug/stm32l1xx_lcd.o
                0x0000000008000a04                LCD_GetFlagStatus
 .text.PWR_RTCAccessCmd
                0x0000000008000a38       0x1c Project THUMB Debug/stm32l1xx_pwr.o
                0x0000000008000a38                PWR_RTCAccessCmd
 .text.PWR_VoltageScalingConfig
                0x0000000008000a54       0x34 Project THUMB Debug/stm32l1xx_pwr.o
                0x0000000008000a54                PWR_VoltageScalingConfig
 .text.PWR_GetFlagStatus
                0x0000000008000a88       0x34 Project THUMB Debug/stm32l1xx_pwr.o
                0x0000000008000a88                PWR_GetFlagStatus
 .text.RCC_LSEConfig
                0x0000000008000abc       0x20 Project THUMB Debug/stm32l1xx_rcc.o
                0x0000000008000abc                RCC_LSEConfig
 .text.RCC_GetClocksFreq
                0x0000000008000adc      0x1ac Project THUMB Debug/stm32l1xx_rcc.o
                0x0000000008000adc                RCC_GetClocksFreq
 .text.RCC_RTCCLKConfig
                0x0000000008000c88       0x5c Project THUMB Debug/stm32l1xx_rcc.o
                0x0000000008000c88                RCC_RTCCLKConfig
 .text.RCC_RTCCLKCmd
                0x0000000008000ce4       0x1c Project THUMB Debug/stm32l1xx_rcc.o
                0x0000000008000ce4                RCC_RTCCLKCmd
 .text.RCC_RTCResetCmd
                0x0000000008000d00       0x1c Project THUMB Debug/stm32l1xx_rcc.o
                0x0000000008000d00                RCC_RTCResetCmd
 .text.RCC_AHBPeriphClockCmd
                0x0000000008000d1c       0x38 Project THUMB Debug/stm32l1xx_rcc.o
                0x0000000008000d1c                RCC_AHBPeriphClockCmd
 .text.RCC_APB1PeriphClockCmd
                0x0000000008000d54       0x38 Project THUMB Debug/stm32l1xx_rcc.o
                0x0000000008000d54                RCC_APB1PeriphClockCmd
 .text.RCC_GetFlagStatus
                0x0000000008000d8c       0x68 Project THUMB Debug/stm32l1xx_rcc.o
                0x0000000008000d8c                RCC_GetFlagStatus
 .text.RTC_GetITStatus
                0x0000000008000df4       0x70 Project THUMB Debug/stm32l1xx_rtc.o
                0x0000000008000df4                RTC_GetITStatus
 .text.RTC_ClearITPendingBit
                0x0000000008000e64       0x30 Project THUMB Debug/stm32l1xx_rtc.o
                0x0000000008000e64                RTC_ClearITPendingBit
 .text.SYSCFG_EXTILineConfig
                0x0000000008000e94       0x8c Project THUMB Debug/stm32l1xx_syscfg.o
                0x0000000008000e94                SYSCFG_EXTILineConfig
 .text.LCD_GLASS_Init
                0x0000000008000f20       0x78 Project THUMB Debug/stm32l_discovery_lcd.o
                0x0000000008000f20                LCD_GLASS_Init
 .text.LCD_GLASS_Configure_GPIO
                0x0000000008000f98      0x18c Project THUMB Debug/stm32l_discovery_lcd.o
                0x0000000008000f98                LCD_GLASS_Configure_GPIO
 .text.LCD_bar  0x0000000008001124       0x48 Project THUMB Debug/stm32l_discovery_lcd.o
                0x0000000008001124                LCD_bar
 .text.LCD_Conv_Char_Seg
                0x000000000800116c      0x1b4 Project THUMB Debug/stm32l_discovery_lcd.o
 .text.LCD_GLASS_WriteChar
                0x0000000008001320      0x564 Project THUMB Debug/stm32l_discovery_lcd.o
                0x0000000008001320                LCD_GLASS_WriteChar
 .text.LCD_GLASS_DisplayString
                0x0000000008001884       0x5a Project THUMB Debug/stm32l_discovery_lcd.o
                0x0000000008001884                LCD_GLASS_DisplayString
 *fill*         0x00000000080018de        0x2 
 .text.LCD_GLASS_Clear
                0x00000000080018e0       0x54 Project THUMB Debug/stm32l_discovery_lcd.o
                0x00000000080018e0                LCD_GLASS_Clear
 .text.__NVIC_SetPriority
                0x0000000008001934       0x50 Project THUMB Debug/main.o
 .text.SysTick_Config
                0x0000000008001984       0x40 Project THUMB Debug/main.o
 .text.main     0x00000000080019c4       0x48 Project THUMB Debug/main.o
                0x00000000080019c4                main
 .text.UserButtonDown
                0x0000000008001a0c       0x10 Project THUMB Debug/main.o
                0x0000000008001a0c                UserButtonDown
 .text.UserButtonUp
                0x0000000008001a1c       0x10 Project THUMB Debug/main.o
                0x0000000008001a1c                UserButtonUp
 .text.Delay    0x0000000008001a2c       0x20 Project THUMB Debug/main.o
                0x0000000008001a2c                Delay
 .text.Decrement_TimingDelay
                0x0000000008001a4c       0x1c Project THUMB Debug/main.o
                0x0000000008001a4c                Decrement_TimingDelay
 .text.Init_Board
                0x0000000008001a68       0x4c Project THUMB Debug/main.o
                0x0000000008001a68                Init_Board
 .text.RTC_Configuration
                0x0000000008001ab4       0x44 Project THUMB Debug/main.o
                0x0000000008001ab4                RTC_Configuration
 .text.Init_GPIOs
                0x0000000008001af8       0xc4 Project THUMB Debug/main.o
                0x0000000008001af8                Init_GPIOs
 .text.NMI_Handler
                0x0000000008001bbc        0x4 Project THUMB Debug/stm32l1xx_it.o
                0x0000000008001bbc                NMI_Handler
 .text.HardFault_Handler
                0x0000000008001bc0        0x2 Project THUMB Debug/stm32l1xx_it.o
                0x0000000008001bc0                HardFault_Handler
 .text.MemManage_Handler
                0x0000000008001bc2        0x2 Project THUMB Debug/stm32l1xx_it.o
                0x0000000008001bc2                MemManage_Handler
 .text.BusFault_Handler
                0x0000000008001bc4        0x2 Project THUMB Debug/stm32l1xx_it.o
                0x0000000008001bc4                BusFault_Handler
 .text.UsageFault_Handler
                0x0000000008001bc6        0x2 Project THUMB Debug/stm32l1xx_it.o
                0x0000000008001bc6                UsageFault_Handler
 .text.SVC_Handler
                0x0000000008001bc8        0x4 Project THUMB Debug/stm32l1xx_it.o
                0x0000000008001bc8                SVC_Handler
 .text.DebugMon_Handler
                0x0000000008001bcc        0x4 Project THUMB Debug/stm32l1xx_it.o
                0x0000000008001bcc                DebugMon_Handler
 .text.PendSV_Handler
                0x0000000008001bd0        0x4 Project THUMB Debug/stm32l1xx_it.o
                0x0000000008001bd0                PendSV_Handler
 .text.SysTick_Handler
                0x0000000008001bd4        0xa Project THUMB Debug/stm32l1xx_it.o
                0x0000000008001bd4                SysTick_Handler
 .text.DMA1_Channel1_IRQHandler
                0x0000000008001bde        0xc Project THUMB Debug/stm32l1xx_it.o
                0x0000000008001bde                DMA1_Channel1_IRQHandler
 .text.RTC_WKUP_IRQHandler
                0x0000000008001bea       0x24 Project THUMB Debug/stm32l1xx_it.o
                0x0000000008001bea                RTC_WKUP_IRQHandler
 *fill*         0x0000000008001c0e        0x2 
 .text.EXTI0_IRQHandler
                0x0000000008001c10       0x28 Project THUMB Debug/stm32l1xx_it.o
                0x0000000008001c10                EXTI0_IRQHandler
                0x0000000008001c38                __text_end__ = (__text_start__ + SIZEOF (.text))
                0x0000000000001920                __text_size__ = SIZEOF (.text)
                0x0000000008001c38                __text_load_end__ = __text_end__

.vfp11_veneer   0x0000000100000000        0x0
 .vfp11_veneer  0x0000000100000000        0x0 linker stubs

.v4_bx          0x0000000100000000        0x0
 .v4_bx         0x0000000100000000        0x0 linker stubs

.iplt           0x0000000100000000        0x0
 .iplt          0x0000000100000000        0x0 Project THUMB Debug/thumb_crt0.o
                0x0000000000000001                . = ASSERT (((__text_start__ == __text_end__) || ((__text_end__ - __FLASH_segment_start__) <= __FLASH_segment_size__)), error: .text is too large to fit in FLASH memory segment)
                0x0000000008001c38                __dtors_load_start__ = ALIGN (__text_end__, 0x4)

.dtors          0x0000000008001c38        0x0
                0x0000000008001c38                __dtors_start__ = .
 *(SORT_BY_NAME(.dtors.*))
 *(.dtors)
 *(.fini_array)
 *(SORT_BY_NAME(.fini_array.*))
                0x0000000008001c38                __dtors_end__ = (__dtors_start__ + SIZEOF (.dtors))
                0x0000000000000000                __dtors_size__ = SIZEOF (.dtors)
                0x0000000008001c38                __dtors_load_end__ = __dtors_end__
                0x0000000000000001                . = ASSERT (((__dtors_start__ == __dtors_end__) || ((__dtors_end__ - __FLASH_segment_start__) <= __FLASH_segment_size__)), error: .dtors is too large to fit in FLASH memory segment)
                0x0000000008001c38                __ctors_load_start__ = ALIGN (__dtors_end__, 0x4)

.ctors          0x0000000008001c38        0x0
                0x0000000008001c38                __ctors_start__ = .
 *(SORT_BY_NAME(.ctors.*))
 *(.ctors)
 *(.init_array)
 *(SORT_BY_NAME(.init_array.*))
                0x0000000008001c38                __ctors_end__ = (__ctors_start__ + SIZEOF (.ctors))
                0x0000000000000000                __ctors_size__ = SIZEOF (.ctors)
                0x0000000008001c38                __ctors_load_end__ = __ctors_end__
                0x0000000000000001                . = ASSERT (((__ctors_start__ == __ctors_end__) || ((__ctors_end__ - __FLASH_segment_start__) <= __FLASH_segment_size__)), error: .ctors is too large to fit in FLASH memory segment)
                0x0000000008001c38                __rodata_load_start__ = ALIGN (__ctors_end__, 0x4)

.rodata         0x0000000008001c38       0x56
                0x0000000008001c38                __rodata_start__ = .
 *(.rodata .rodata.* .gnu.linkonce.r.*)
 .rodata.CapLetterMap
                0x0000000008001c38       0x34 Project THUMB Debug/stm32l_discovery_lcd.o
                0x0000000008001c38                CapLetterMap
 .rodata.NumberMap
                0x0000000008001c6c       0x14 Project THUMB Debug/stm32l_discovery_lcd.o
                0x0000000008001c6c                NumberMap
 .rodata        0x0000000008001c80        0xe Project THUMB Debug/main.o
                0x0000000008001c8e                __rodata_end__ = (__rodata_start__ + SIZEOF (.rodata))
                0x0000000000000056                __rodata_size__ = SIZEOF (.rodata)
                0x0000000008001c8e                __rodata_load_end__ = __rodata_end__

.rel.dyn        0x0000000008080000        0x0
 .rel.iplt      0x0000000008080000        0x0 Project THUMB Debug/thumb_crt0.o
                0x0000000000000001                . = ASSERT (((__rodata_start__ == __rodata_end__) || ((__rodata_end__ - __FLASH_segment_start__) <= __FLASH_segment_size__)), error: .rodata is too large to fit in FLASH memory segment)
                0x0000000008001c90                __ARM.exidx_load_start__ = ALIGN (__rodata_end__, 0x4)

.ARM.exidx      0x0000000008001c90        0x0
                0x0000000008001c90                __ARM.exidx_start__ = .
                0x0000000008001c90                __exidx_start = __ARM.exidx_start__
 *(.ARM.exidx .ARM.exidx.*)
                0x0000000008001c90                __ARM.exidx_end__ = (__ARM.exidx_start__ + SIZEOF (.ARM.exidx))
                0x0000000000000000                __ARM.exidx_size__ = SIZEOF (.ARM.exidx)
                0x0000000008001c90                __exidx_end = __ARM.exidx_end__
                0x0000000008001c90                __ARM.exidx_load_end__ = __ARM.exidx_end__
                0x0000000000000001                . = ASSERT (((__ARM.exidx_start__ == __ARM.exidx_end__) || ((__ARM.exidx_end__ - __FLASH_segment_start__) <= __FLASH_segment_size__)), error: .ARM.exidx is too large to fit in FLASH memory segment)
                0x0000000008001c90                __fast_load_start__ = ALIGN (__ARM.exidx_end__, 0x4)

.fast           0x0000000020000000        0x0 load address 0x0000000008001c90
                0x0000000020000000                __fast_start__ = .
 *(.fast .fast.*)
                0x0000000020000000                __fast_end__ = (__fast_start__ + SIZEOF (.fast))
                0x0000000000000000                __fast_size__ = SIZEOF (.fast)
                0x0000000008001c90                __fast_load_end__ = (__fast_load_start__ + SIZEOF (.fast))
                0x0000000000000001                . = ASSERT (((__fast_load_start__ == __fast_load_end__) || ((__fast_load_end__ - __FLASH_segment_start__) <= __FLASH_segment_size__)), error: .fast is too large to fit in FLASH memory segment)

.fast_run       0x0000000020000000        0x0
                0x0000000020000000                __fast_run_start__ = .
                0x0000000020000000                . = MAX ((__fast_run_start__ + SIZEOF (.fast)), .)
                0x0000000020000000                __fast_run_end__ = (__fast_run_start__ + SIZEOF (.fast_run))
                0x0000000000000000                __fast_run_size__ = SIZEOF (.fast_run)
                0x0000000020000000                __fast_run_load_end__ = __fast_run_end__
                0x0000000000000001                . = ASSERT (((__fast_run_start__ == __fast_run_end__) || ((__fast_run_end__ - __RAM_segment_start__) <= __RAM_segment_size__)), error: .fast_run is too large to fit in RAM memory segment)
                0x0000000008001c90                __data_load_start__ = ALIGN ((__fast_load_start__ + SIZEOF (.fast)), 0x4)

.data           0x0000000020000000       0x1c load address 0x0000000008001c90
                0x0000000020000000                __data_start__ = .
 *(.data .data.* .gnu.linkonce.d.*)
 .data.PLLMulTable
                0x0000000020000000        0x9 Project THUMB Debug/stm32l1xx_rcc.o
 *fill*         0x0000000020000009        0x3 
 .data.APBAHBPrescTable
                0x000000002000000c       0x10 Project THUMB Debug/stm32l1xx_rcc.o
                0x000000002000001c                __data_end__ = (__data_start__ + SIZEOF (.data))
                0x000000000000001c                __data_size__ = SIZEOF (.data)
                0x0000000008001cac                __data_load_end__ = (__data_load_start__ + SIZEOF (.data))

.igot.plt       0x0000000100000000        0x0
 .igot.plt      0x0000000100000000        0x0 Project THUMB Debug/thumb_crt0.o
                0x0000000000000001                . = ASSERT (((__data_load_start__ == __data_load_end__) || ((__data_load_end__ - __FLASH_segment_start__) <= __FLASH_segment_size__)), error: .data is too large to fit in FLASH memory segment)

.data_run       0x0000000020000000       0x1c load address 0x0000000008001c90
                0x0000000020000000                __data_run_start__ = .
                0x000000002000001c                . = MAX ((__data_run_start__ + SIZEOF (.data)), .)
 *fill*         0x0000000020000000       0x1c 
                0x000000002000001c                __data_run_end__ = (__data_run_start__ + SIZEOF (.data_run))
                0x000000000000001c                __data_run_size__ = SIZEOF (.data_run)
                0x000000002000001c                __data_run_load_end__ = __data_run_end__
                0x0000000000000001                . = ASSERT (((__data_run_start__ == __data_run_end__) || ((__data_run_end__ - __RAM_segment_start__) <= __RAM_segment_size__)), error: .data_run is too large to fit in RAM memory segment)
                0x000000002000001c                __bss_load_start__ = ALIGN (__data_run_end__, 0x4)

.bss            0x000000002000001c       0x18
                0x000000002000001c                __bss_start__ = .
 *(.bss .bss.* .gnu.linkonce.b.*)
 .bss.t_bar     0x000000002000001c        0x2 Project THUMB Debug/stm32l_discovery_lcd.o
                0x000000002000001c                t_bar
 *fill*         0x000000002000001e        0x2 
 .bss.TimingDelay
                0x0000000020000020        0x4 Project THUMB Debug/main.o
 .bss.RCC_Clocks
                0x0000000020000024       0x10 Project THUMB Debug/main.o
                0x0000000020000024                RCC_Clocks
 *(COMMON)
                0x0000000020000034                __bss_end__ = (__bss_start__ + SIZEOF (.bss))
                0x0000000000000018                __bss_size__ = SIZEOF (.bss)
                0x0000000020000034                __bss_load_end__ = __bss_end__
                0x0000000000000001                . = ASSERT (((__bss_start__ == __bss_end__) || ((__bss_end__ - __RAM_segment_start__) <= __RAM_segment_size__)), error: .bss is too large to fit in RAM memory segment)
                0x0000000020000034                __tbss_load_start__ = ALIGN (__bss_end__, 0x4)

.tbss           0x0000000020000034        0x0
                0x0000000020000034                __tbss_start__ = .
 *(.tbss .tbss.*)
                0x0000000020000034                __tbss_end__ = (__tbss_start__ + SIZEOF (.tbss))
                0x0000000000000000                __tbss_size__ = SIZEOF (.tbss)
                0x0000000020000034                __tbss_load_end__ = __tbss_end__
                0x0000000000000001                . = ASSERT (((__tbss_start__ == __tbss_end__) || ((__tbss_end__ - __RAM_segment_start__) <= __RAM_segment_size__)), error: .tbss is too large to fit in RAM memory segment)
                0x0000000008001cac                __tdata_load_start__ = ALIGN ((__data_load_start__ + SIZEOF (.data)), 0x4)

.tdata          0x0000000020000034        0x0 load address 0x0000000008001cac
                0x0000000020000034                __tdata_start__ = .
 *(.tdata .tdata.*)
                0x0000000020000034                __tdata_end__ = (__tdata_start__ + SIZEOF (.tdata))
                0x0000000000000000                __tdata_size__ = SIZEOF (.tdata)
                0x0000000008001cac                __tdata_load_end__ = (__tdata_load_start__ + SIZEOF (.tdata))
                0x0000000008001cac                __FLASH_segment_used_end__ = (ALIGN ((__data_load_start__ + SIZEOF (.data)), 0x4) + SIZEOF (.tdata))
                0x0000000000001cac                __FLASH_segment_used_size__ = (__FLASH_segment_used_end__ - __FLASH_segment_start__)
                0x0000000000000001                . = ASSERT (((__tdata_load_start__ == __tdata_load_end__) || ((__tdata_load_end__ - __FLASH_segment_start__) <= __FLASH_segment_size__)), error: .tdata is too large to fit in FLASH memory segment)

.tdata_run      0x0000000020000034        0x0
                0x0000000020000034                __tdata_run_start__ = .
                0x0000000020000034                . = MAX ((__tdata_run_start__ + SIZEOF (.tdata)), .)
                0x0000000020000034                __tdata_run_end__ = (__tdata_run_start__ + SIZEOF (.tdata_run))
                0x0000000000000000                __tdata_run_size__ = SIZEOF (.tdata_run)
                0x0000000020000034                __tdata_run_load_end__ = __tdata_run_end__
                0x0000000000000001                . = ASSERT (((__tdata_run_start__ == __tdata_run_end__) || ((__tdata_run_end__ - __RAM_segment_start__) <= __RAM_segment_size__)), error: .tdata_run is too large to fit in RAM memory segment)
                0x0000000020000034                __non_init_load_start__ = ALIGN (__tdata_run_end__, 0x4)

.non_init       0x0000000020000034        0x0
                0x0000000020000034                __non_init_start__ = .
 *(.non_init .non_init.*)
                0x0000000020000034                __non_init_end__ = (__non_init_start__ + SIZEOF (.non_init))
                0x0000000000000000                __non_init_size__ = SIZEOF (.non_init)
                0x0000000020000034                __non_init_load_end__ = __non_init_end__
                0x0000000000000001                . = ASSERT (((__non_init_start__ == __non_init_end__) || ((__non_init_end__ - __RAM_segment_start__) <= __RAM_segment_size__)), error: .non_init is too large to fit in RAM memory segment)
                0x0000000020000034                __heap_load_start__ = ALIGN (__non_init_end__, 0x4)

.heap           0x0000000020000034       0x80
                0x0000000020000034                __heap_start__ = .
 *(.heap .heap.*)
                0x00000000200000b4                . = ALIGN (MAX ((__heap_start__ + __HEAPSIZE__), .), 0x4)
 *fill*         0x0000000020000034       0x80 
                0x00000000200000b4                __heap_end__ = (__heap_start__ + SIZEOF (.heap))
                0x0000000000000080                __heap_size__ = SIZEOF (.heap)
                0x00000000200000b4                __heap_load_end__ = __heap_end__
                0x0000000000000001                . = ASSERT (((__heap_start__ == __heap_end__) || ((__heap_end__ - __RAM_segment_start__) <= __RAM_segment_size__)), error: .heap is too large to fit in RAM memory segment)
                0x00000000200000b8                __stack_load_start__ = ALIGN (__heap_end__, 0x8)

.stack          0x00000000200000b8      0x100
                0x00000000200000b8                __stack_start__ = .
 *(.stack .stack.*)
                0x00000000200001b8                . = ALIGN (MAX ((__stack_start__ + __STACKSIZE__), .), 0x8)
 *fill*         0x00000000200000b8      0x100 
                0x00000000200001b8                __stack_end__ = (__stack_start__ + SIZEOF (.stack))
                0x0000000000000100                __stack_size__ = SIZEOF (.stack)
                0x00000000200001b8                __stack_load_end__ = __stack_end__
                0x0000000000000001                . = ASSERT (((__stack_start__ == __stack_end__) || ((__stack_end__ - __RAM_segment_start__) <= __RAM_segment_size__)), error: .stack is too large to fit in RAM memory segment)
                0x00000000200001b8                __stack_process_load_start__ = ALIGN (__stack_end__, 0x8)

.stack_process  0x00000000200001b8        0x0
                0x00000000200001b8                __stack_process_start__ = .
 *(.stack_process .stack_process.*)
                0x00000000200001b8                . = ALIGN (MAX ((__stack_process_start__ + __STACKSIZE_PROCESS__), .), 0x8)
                0x00000000200001b8                __stack_process_end__ = (__stack_process_start__ + SIZEOF (.stack_process))
                0x0000000000000000                __stack_process_size__ = SIZEOF (.stack_process)
                0x00000000200001b8                __stack_process_load_end__ = __stack_process_end__
                0x00000000200001b8                __RAM_segment_used_end__ = (ALIGN (__stack_end__, 0x8) + SIZEOF (.stack_process))
                0x00000000000001b8                __RAM_segment_used_size__ = (__RAM_segment_used_end__ - __RAM_segment_start__)
                0x0000000000000001                . = ASSERT (((__stack_process_start__ == __stack_process_end__) || ((__stack_process_end__ - __RAM_segment_start__) <= __RAM_segment_size__)), error: .stack_process is too large to fit in RAM memory segment)
START GROUP
LOAD Project THUMB Debug/thumb_crt0.o
LOAD Project THUMB Debug/STM32_Startup.o
LOAD Project THUMB Debug/system_stm32l1xx.o
LOAD Project THUMB Debug/misc.o
LOAD Project THUMB Debug/stm32l1xx_adc.o
LOAD Project THUMB Debug/stm32l1xx_aes.o
LOAD Project THUMB Debug/stm32l1xx_aes_util.o
LOAD Project THUMB Debug/stm32l1xx_comp.o
LOAD Project THUMB Debug/stm32l1xx_crc.o
LOAD Project THUMB Debug/stm32l1xx_dac.o
LOAD Project THUMB Debug/stm32l1xx_dbgmcu.o
LOAD Project THUMB Debug/stm32l1xx_dma.o
LOAD Project THUMB Debug/stm32l1xx_exti.o
LOAD Project THUMB Debug/stm32l1xx_flash.o
LOAD Project THUMB Debug/stm32l1xx_flash_ramfunc.o
LOAD Project THUMB Debug/stm32l1xx_fsmc.o
LOAD Project THUMB Debug/stm32l1xx_gpio.o
LOAD Project THUMB Debug/stm32l1xx_i2c.o
LOAD Project THUMB Debug/stm32l1xx_iwdg.o
LOAD Project THUMB Debug/stm32l1xx_lcd.o
LOAD Project THUMB Debug/stm32l1xx_opamp.o
LOAD Project THUMB Debug/stm32l1xx_pwr.o
LOAD Project THUMB Debug/stm32l1xx_rcc.o
LOAD Project THUMB Debug/stm32l1xx_rtc.o
LOAD Project THUMB Debug/stm32l1xx_sdio.o
LOAD Project THUMB Debug/stm32l1xx_spi.o
LOAD Project THUMB Debug/stm32l1xx_syscfg.o
LOAD Project THUMB Debug/stm32l1xx_tim.o
LOAD Project THUMB Debug/stm32l1xx_usart.o
LOAD Project THUMB Debug/stm32l1xx_wwdg.o
LOAD Project THUMB Debug/stm32l_discovery_lcd.o
LOAD Project THUMB Debug/main.o
LOAD Project THUMB Debug/stm32l1xx_it.o
LOAD /usr/share/crossworks_for_arm_4.6/lib/libcm_v7m_t_le_eabi.a
LOAD /usr/share/crossworks_for_arm_4.6/lib/libdebugio_mempoll_v7m_t_le_eabi.a
LOAD /usr/share/crossworks_for_arm_4.6/lib/libm_v7m_t_le_eabi.a
LOAD /usr/share/crossworks_for_arm_4.6/lib/libc_v7m_t_le_eabi.a
LOAD /usr/share/crossworks_for_arm_4.6/lib/libcpp_v7m_t_le_eabi.a
LOAD /usr/share/crossworks_for_arm_4.6/lib/libdebugio_v7m_t_le_eabi.a
LOAD /usr/share/crossworks_for_arm_4.6/lib/libvfprintf_v7m_t_le_eabi.o
LOAD /usr/share/crossworks_for_arm_4.6/lib/libvfscanf_v7m_t_le_eabi.o
END GROUP
OUTPUT(Project THUMB Debug/Project.elf elf32-littlearm)

.ARM.attributes
                0x0000000000000000       0x2f
 .ARM.attributes
                0x0000000000000000       0x21 Project THUMB Debug/thumb_crt0.o
 .ARM.attributes
                0x0000000000000021       0x21 Project THUMB Debug/STM32_Startup.o
 .ARM.attributes
                0x0000000000000042       0x33 Project THUMB Debug/system_stm32l1xx.o
 .ARM.attributes
                0x0000000000000075       0x33 Project THUMB Debug/misc.o
 .ARM.attributes
                0x00000000000000a8       0x33 Project THUMB Debug/stm32l1xx_dma.o
 .ARM.attributes
                0x00000000000000db       0x33 Project THUMB Debug/stm32l1xx_exti.o
 .ARM.attributes
                0x000000000000010e       0x33 Project THUMB Debug/stm32l1xx_gpio.o
 .ARM.attributes
                0x0000000000000141       0x33 Project THUMB Debug/stm32l1xx_lcd.o
 .ARM.attributes
                0x0000000000000174       0x33 Project THUMB Debug/stm32l1xx_pwr.o
 .ARM.attributes
                0x00000000000001a7       0x33 Project THUMB Debug/stm32l1xx_rcc.o
 .ARM.attributes
                0x00000000000001da       0x33 Project THUMB Debug/stm32l1xx_rtc.o
 .ARM.attributes
                0x000000000000020d       0x33 Project THUMB Debug/stm32l1xx_syscfg.o
 .ARM.attributes
                0x0000000000000240       0x33 Project THUMB Debug/stm32l_discovery_lcd.o
 .ARM.attributes
                0x0000000000000273       0x33 Project THUMB Debug/main.o
 .ARM.attributes
                0x00000000000002a6       0x33 Project THUMB Debug/stm32l1xx_it.o

.comment        0x0000000000000000       0x47
 .comment       0x0000000000000000       0x47 Project THUMB Debug/system_stm32l1xx.o
                                         0x48 (size before relaxing)
 .comment       0x0000000000000047       0x48 Project THUMB Debug/misc.o
 .comment       0x0000000000000047       0x48 Project THUMB Debug/stm32l1xx_dma.o
 .comment       0x0000000000000047       0x48 Project THUMB Debug/stm32l1xx_exti.o
 .comment       0x0000000000000047       0x48 Project THUMB Debug/stm32l1xx_gpio.o
 .comment       0x0000000000000047       0x48 Project THUMB Debug/stm32l1xx_lcd.o
 .comment       0x0000000000000047       0x48 Project THUMB Debug/stm32l1xx_pwr.o
 .comment       0x0000000000000047       0x48 Project THUMB Debug/stm32l1xx_rcc.o
 .comment       0x0000000000000047       0x48 Project THUMB Debug/stm32l1xx_rtc.o
 .comment       0x0000000000000047       0x48 Project THUMB Debug/stm32l1xx_syscfg.o
 .comment       0x0000000000000047       0x48 Project THUMB Debug/stm32l_discovery_lcd.o
 .comment       0x0000000000000047       0x48 Project THUMB Debug/main.o
 .comment       0x0000000000000047       0x48 Project THUMB Debug/stm32l1xx_it.o

.debug_line     0x0000000000000000     0x6400
 .debug_line    0x0000000000000000      0x1d0 Project THUMB Debug/thumb_crt0.o
 .debug_line    0x00000000000001d0       0xff Project THUMB Debug/STM32_Startup.o
 .debug_line    0x00000000000002cf      0x512 Project THUMB Debug/system_stm32l1xx.o
 .debug_line    0x00000000000007e1      0x4bc Project THUMB Debug/misc.o
 .debug_line    0x0000000000000c9d      0x647 Project THUMB Debug/stm32l1xx_dma.o
 .debug_line    0x00000000000012e4      0x553 Project THUMB Debug/stm32l1xx_exti.o
 .debug_line    0x0000000000001837      0x699 Project THUMB Debug/stm32l1xx_gpio.o
 .debug_line    0x0000000000001ed0      0x615 Project THUMB Debug/stm32l1xx_lcd.o
 .debug_line    0x00000000000024e5      0x5a5 Project THUMB Debug/stm32l1xx_pwr.o
 .debug_line    0x0000000000002a8a      0xa05 Project THUMB Debug/stm32l1xx_rcc.o
 .debug_line    0x000000000000348f     0x125a Project THUMB Debug/stm32l1xx_rtc.o
 .debug_line    0x00000000000046e9      0x71f Project THUMB Debug/stm32l1xx_syscfg.o
 .debug_line    0x0000000000004e08      0xa6f Project THUMB Debug/stm32l_discovery_lcd.o
 .debug_line    0x0000000000005877      0x657 Project THUMB Debug/main.o
 .debug_line    0x0000000000005ece      0x532 Project THUMB Debug/stm32l1xx_it.o

.debug_info     0x0000000000000000     0x6a58
 .debug_info    0x0000000000000000       0x22 Project THUMB Debug/thumb_crt0.o
 .debug_info    0x0000000000000022       0x26 Project THUMB Debug/STM32_Startup.o
 .debug_info    0x0000000000000048      0x580 Project THUMB Debug/system_stm32l1xx.o
 .debug_info    0x00000000000005c8      0x564 Project THUMB Debug/misc.o
 .debug_info    0x0000000000000b2c      0x497 Project THUMB Debug/stm32l1xx_dma.o
 .debug_info    0x0000000000000fc3      0x371 Project THUMB Debug/stm32l1xx_exti.o
 .debug_info    0x0000000000001334      0x688 Project THUMB Debug/stm32l1xx_gpio.o
 .debug_info    0x00000000000019bc      0x4c5 Project THUMB Debug/stm32l1xx_lcd.o
 .debug_info    0x0000000000001e81      0x583 Project THUMB Debug/stm32l1xx_pwr.o
 .debug_info    0x0000000000002404      0xa88 Project THUMB Debug/stm32l1xx_rcc.o
 .debug_info    0x0000000000002e8c     0x121d Project THUMB Debug/stm32l1xx_rtc.o
 .debug_info    0x00000000000040a9      0x444 Project THUMB Debug/stm32l1xx_syscfg.o
 .debug_info    0x00000000000044ed      0xcd6 Project THUMB Debug/stm32l_discovery_lcd.o
 .debug_info    0x00000000000051c3     0x103e Project THUMB Debug/main.o
 .debug_info    0x0000000000006201      0x857 Project THUMB Debug/stm32l1xx_it.o

.debug_abbrev   0x0000000000000000     0x1974
 .debug_abbrev  0x0000000000000000       0x12 Project THUMB Debug/thumb_crt0.o
 .debug_abbrev  0x0000000000000012       0x14 Project THUMB Debug/STM32_Startup.o
 .debug_abbrev  0x0000000000000026      0x18f Project THUMB Debug/system_stm32l1xx.o
 .debug_abbrev  0x00000000000001b5      0x19c Project THUMB Debug/misc.o
 .debug_abbrev  0x0000000000000351      0x1ae Project THUMB Debug/stm32l1xx_dma.o
 .debug_abbrev  0x00000000000004ff      0x1f0 Project THUMB Debug/stm32l1xx_exti.o
 .debug_abbrev  0x00000000000006ef      0x1ec Project THUMB Debug/stm32l1xx_gpio.o
 .debug_abbrev  0x00000000000008db      0x1ff Project THUMB Debug/stm32l1xx_lcd.o
 .debug_abbrev  0x0000000000000ada      0x1da Project THUMB Debug/stm32l1xx_pwr.o
 .debug_abbrev  0x0000000000000cb4      0x22c Project THUMB Debug/stm32l1xx_rcc.o
 .debug_abbrev  0x0000000000000ee0      0x20f Project THUMB Debug/stm32l1xx_rtc.o
 .debug_abbrev  0x00000000000010ef      0x1b7 Project THUMB Debug/stm32l1xx_syscfg.o
 .debug_abbrev  0x00000000000012a6      0x270 Project THUMB Debug/stm32l_discovery_lcd.o
 .debug_abbrev  0x0000000000001516      0x2c2 Project THUMB Debug/main.o
 .debug_abbrev  0x00000000000017d8      0x19c Project THUMB Debug/stm32l1xx_it.o

.debug_aranges  0x0000000000000000      0x880
 .debug_aranges
                0x0000000000000000       0x80 Project THUMB Debug/thumb_crt0.o
 .debug_aranges
                0x0000000000000080       0x20 Project THUMB Debug/STM32_Startup.o
 .debug_aranges
                0x00000000000000a0       0x30 Project THUMB Debug/system_stm32l1xx.o
 .debug_aranges
                0x00000000000000d0       0x40 Project THUMB Debug/misc.o
 .debug_aranges
                0x0000000000000110       0x70 Project THUMB Debug/stm32l1xx_dma.o
 .debug_aranges
                0x0000000000000180       0x58 Project THUMB Debug/stm32l1xx_exti.o
 .debug_aranges
                0x00000000000001d8       0x88 Project THUMB Debug/stm32l1xx_gpio.o
 .debug_aranges
                0x0000000000000260       0xa8 Project THUMB Debug/stm32l1xx_lcd.o
 .debug_aranges
                0x0000000000000308       0x88 Project THUMB Debug/stm32l1xx_pwr.o
 .debug_aranges
                0x0000000000000390      0x148 Project THUMB Debug/stm32l1xx_rcc.o
 .debug_aranges
                0x00000000000004d8      0x1d0 Project THUMB Debug/stm32l1xx_rtc.o
 .debug_aranges
                0x00000000000006a8       0x80 Project THUMB Debug/stm32l1xx_syscfg.o
 .debug_aranges
                0x0000000000000728       0x68 Project THUMB Debug/stm32l_discovery_lcd.o
 .debug_aranges
                0x0000000000000790       0x78 Project THUMB Debug/main.o
 .debug_aranges
                0x0000000000000808       0x78 Project THUMB Debug/stm32l1xx_it.o

.debug_str      0x0000000000000000    0x51417
 .debug_str     0x0000000000000000       0x74 Project THUMB Debug/thumb_crt0.o
 .debug_str     0x0000000000000074       0x63 Project THUMB Debug/STM32_Startup.o
                                         0xa1 (size before relaxing)
 .debug_str     0x00000000000000d7    0x4d0cd Project THUMB Debug/system_stm32l1xx.o
                                      0x4d182 (size before relaxing)
 .debug_str     0x000000000004d1a4      0x274 Project THUMB Debug/misc.o
                                      0x4d24f (size before relaxing)
 .debug_str     0x000000000004d418      0x72f Project THUMB Debug/stm32l1xx_dma.o
                                      0x4d6ef (size before relaxing)
 .debug_str     0x000000000004db47      0x223 Project THUMB Debug/stm32l1xx_exti.o
                                      0x4d1db (size before relaxing)
 .debug_str     0x000000000004dd6a      0x33c Project THUMB Debug/stm32l1xx_gpio.o
                                      0x4d316 (size before relaxing)
 .debug_str     0x000000000004e0a6      0x52b Project THUMB Debug/stm32l1xx_lcd.o
                                      0x4d4fe (size before relaxing)
 .debug_str     0x000000000004e5d1      0x454 Project THUMB Debug/stm32l1xx_pwr.o
                                      0x4d48e (size before relaxing)
 .debug_str     0x000000000004ea25      0x94a Project THUMB Debug/stm32l1xx_rcc.o
                                      0x4d9f3 (size before relaxing)
 .debug_str     0x000000000004f36f      0xbdb Project THUMB Debug/stm32l1xx_rtc.o
                                      0x4dc0d (size before relaxing)
 .debug_str     0x000000000004ff4a      0x2fd Project THUMB Debug/stm32l1xx_syscfg.o
                                      0x4d2b2 (size before relaxing)
 .debug_str     0x0000000000050247      0xce3 Project THUMB Debug/stm32l_discovery_lcd.o
                                      0x4df96 (size before relaxing)
 .debug_str     0x0000000000050f2a      0x3ca Project THUMB Debug/main.o
                                      0x4e3b9 (size before relaxing)
 .debug_str     0x00000000000512f4      0x123 Project THUMB Debug/stm32l1xx_it.o
                                      0x4dd23 (size before relaxing)

.debug_ranges   0x0000000000000000      0x788
 .debug_ranges  0x0000000000000000       0x78 Project THUMB Debug/thumb_crt0.o
 .debug_ranges  0x0000000000000078       0x20 Project THUMB Debug/system_stm32l1xx.o
 .debug_ranges  0x0000000000000098       0x30 Project THUMB Debug/misc.o
 .debug_ranges  0x00000000000000c8       0x60 Project THUMB Debug/stm32l1xx_dma.o
 .debug_ranges  0x0000000000000128       0x48 Project THUMB Debug/stm32l1xx_exti.o
 .debug_ranges  0x0000000000000170       0x78 Project THUMB Debug/stm32l1xx_gpio.o
 .debug_ranges  0x00000000000001e8       0x98 Project THUMB Debug/stm32l1xx_lcd.o
 .debug_ranges  0x0000000000000280       0x78 Project THUMB Debug/stm32l1xx_pwr.o
 .debug_ranges  0x00000000000002f8      0x138 Project THUMB Debug/stm32l1xx_rcc.o
 .debug_ranges  0x0000000000000430      0x1c0 Project THUMB Debug/stm32l1xx_rtc.o
 .debug_ranges  0x00000000000005f0       0x70 Project THUMB Debug/stm32l1xx_syscfg.o
 .debug_ranges  0x0000000000000660       0x58 Project THUMB Debug/stm32l_discovery_lcd.o
 .debug_ranges  0x00000000000006b8       0x68 Project THUMB Debug/main.o
 .debug_ranges  0x0000000000000720       0x68 Project THUMB Debug/stm32l1xx_it.o

.debug_frame    0x0000000000000000     0x1aac
 .debug_frame   0x0000000000000000       0x6c Project THUMB Debug/system_stm32l1xx.o
 .debug_frame   0x000000000000006c       0xb0 Project THUMB Debug/misc.o
 .debug_frame   0x000000000000011c      0x170 Project THUMB Debug/stm32l1xx_dma.o
 .debug_frame   0x000000000000028c      0x100 Project THUMB Debug/stm32l1xx_exti.o
 .debug_frame   0x000000000000038c      0x1d8 Project THUMB Debug/stm32l1xx_gpio.o
 .debug_frame   0x0000000000000564      0x234 Project THUMB Debug/stm32l1xx_lcd.o
 .debug_frame   0x0000000000000798      0x1bc Project THUMB Debug/stm32l1xx_pwr.o
 .debug_frame   0x0000000000000954      0x4a8 Project THUMB Debug/stm32l1xx_rcc.o
 .debug_frame   0x0000000000000dfc      0x724 Project THUMB Debug/stm32l1xx_rtc.o
 .debug_frame   0x0000000000001520      0x18c Project THUMB Debug/stm32l1xx_syscfg.o
 .debug_frame   0x00000000000016ac      0x180 Project THUMB Debug/stm32l_discovery_lcd.o
 .debug_frame   0x000000000000182c      0x180 Project THUMB Debug/main.o
 .debug_frame   0x00000000000019ac      0x100 Project THUMB Debug/stm32l1xx_it.o

.debug_pubnames
                0x0000000000000000     0x1cf3
 .debug_pubnames
                0x0000000000000000       0x93 Project THUMB Debug/system_stm32l1xx.o
 .debug_pubnames
                0x0000000000000093       0xa0 Project THUMB Debug/misc.o
 .debug_pubnames
                0x0000000000000133      0x113 Project THUMB Debug/stm32l1xx_dma.o
 .debug_pubnames
                0x0000000000000246      0x161 Project THUMB Debug/stm32l1xx_exti.o
 .debug_pubnames
                0x00000000000003a7      0x254 Project THUMB Debug/stm32l1xx_gpio.o
 .debug_pubnames
                0x00000000000005fb      0x1aa Project THUMB Debug/stm32l1xx_lcd.o
 .debug_pubnames
                0x00000000000007a5      0x171 Project THUMB Debug/stm32l1xx_pwr.o
 .debug_pubnames
                0x0000000000000916      0x3e1 Project THUMB Debug/stm32l1xx_rcc.o
 .debug_pubnames
                0x0000000000000cf7      0x540 Project THUMB Debug/stm32l1xx_rtc.o
 .debug_pubnames
                0x0000000000001237      0x183 Project THUMB Debug/stm32l1xx_syscfg.o
 .debug_pubnames
                0x00000000000013ba      0x19d Project THUMB Debug/stm32l_discovery_lcd.o
 .debug_pubnames
                0x0000000000001557      0x660 Project THUMB Debug/main.o
 .debug_pubnames
                0x0000000000001bb7      0x13c Project THUMB Debug/stm32l1xx_it.o

.debug_pubtypes
                0x0000000000000000     0x12af
 .debug_pubtypes
                0x0000000000000000      0x110 Project THUMB Debug/system_stm32l1xx.o
 .debug_pubtypes
                0x0000000000000110      0x119 Project THUMB Debug/misc.o
 .debug_pubtypes
                0x0000000000000229      0x131 Project THUMB Debug/stm32l1xx_dma.o
 .debug_pubtypes
                0x000000000000035a      0x13b Project THUMB Debug/stm32l1xx_exti.o
 .debug_pubtypes
                0x0000000000000495      0x15b Project THUMB Debug/stm32l1xx_gpio.o
 .debug_pubtypes
                0x00000000000005f0      0x119 Project THUMB Debug/stm32l1xx_lcd.o
 .debug_pubtypes
                0x0000000000000709      0x111 Project THUMB Debug/stm32l1xx_pwr.o
 .debug_pubtypes
                0x000000000000081a      0x137 Project THUMB Debug/stm32l1xx_rcc.o
 .debug_pubtypes
                0x0000000000000951      0x165 Project THUMB Debug/stm32l1xx_rtc.o
 .debug_pubtypes
                0x0000000000000ab6      0x118 Project THUMB Debug/stm32l1xx_syscfg.o
 .debug_pubtypes
                0x0000000000000bce      0x250 Project THUMB Debug/stm32l_discovery_lcd.o
 .debug_pubtypes
                0x0000000000000e1e      0x2e6 Project THUMB Debug/main.o
 .debug_pubtypes
                0x0000000000001104      0x1ab Project THUMB Debug/stm32l1xx_it.o

.debug_macro    0x0000000000000000     0xeb98
 .debug_macro   0x0000000000000000      0x159 Project THUMB Debug/system_stm32l1xx.o
 .debug_macro   0x0000000000000159      0xade Project THUMB Debug/system_stm32l1xx.o
 .debug_macro   0x0000000000000c37       0x6f Project THUMB Debug/system_stm32l1xx.o
 .debug_macro   0x0000000000000ca6      0x188 Project THUMB Debug/system_stm32l1xx.o
 .debug_macro   0x0000000000000e2e       0x1c Project THUMB Debug/system_stm32l1xx.o
 .debug_macro   0x0000000000000e4a       0x22 Project THUMB Debug/system_stm32l1xx.o
 .debug_macro   0x0000000000000e6c       0xde Project THUMB Debug/system_stm32l1xx.o
 .debug_macro   0x0000000000000f4a      0xe3b Project THUMB Debug/system_stm32l1xx.o
 .debug_macro   0x0000000000001d85      0x11f Project THUMB Debug/system_stm32l1xx.o
 .debug_macro   0x0000000000001ea4     0x6ba4 Project THUMB Debug/system_stm32l1xx.o
 .debug_macro   0x0000000000008a48      0x43e Project THUMB Debug/system_stm32l1xx.o
 .debug_macro   0x0000000000008e86       0xa9 Project THUMB Debug/system_stm32l1xx.o
 .debug_macro   0x0000000000008f2f      0x17f Project THUMB Debug/system_stm32l1xx.o
 .debug_macro   0x00000000000090ae       0x82 Project THUMB Debug/system_stm32l1xx.o
 .debug_macro   0x0000000000009130      0x3ae Project THUMB Debug/system_stm32l1xx.o
 .debug_macro   0x00000000000094de       0xb9 Project THUMB Debug/system_stm32l1xx.o
 .debug_macro   0x0000000000009597      0x406 Project THUMB Debug/system_stm32l1xx.o
 .debug_macro   0x000000000000999d      0x203 Project THUMB Debug/system_stm32l1xx.o
 .debug_macro   0x0000000000009ba0      0x421 Project THUMB Debug/system_stm32l1xx.o
 .debug_macro   0x0000000000009fc1      0x2b2 Project THUMB Debug/system_stm32l1xx.o
 .debug_macro   0x000000000000a273       0x64 Project THUMB Debug/system_stm32l1xx.o
 .debug_macro   0x000000000000a2d7      0x325 Project THUMB Debug/system_stm32l1xx.o
 .debug_macro   0x000000000000a5fc       0xe1 Project THUMB Debug/system_stm32l1xx.o
 .debug_macro   0x000000000000a6dd      0x413 Project THUMB Debug/system_stm32l1xx.o
 .debug_macro   0x000000000000aaf0      0x5cf Project THUMB Debug/system_stm32l1xx.o
 .debug_macro   0x000000000000b0bf      0x357 Project THUMB Debug/system_stm32l1xx.o
 .debug_macro   0x000000000000b416      0x668 Project THUMB Debug/system_stm32l1xx.o
 .debug_macro   0x000000000000ba7e      0x220 Project THUMB Debug/system_stm32l1xx.o
 .debug_macro   0x000000000000bc9e       0x34 Project THUMB Debug/system_stm32l1xx.o
 .debug_macro   0x000000000000bcd2       0x88 Project THUMB Debug/system_stm32l1xx.o
 .debug_macro   0x000000000000bd5a       0x35 Project THUMB Debug/system_stm32l1xx.o
 .debug_macro   0x000000000000bd8f      0x163 Project THUMB Debug/misc.o
 .debug_macro   0x000000000000bef2       0x82 Project THUMB Debug/misc.o
 .debug_macro   0x000000000000bf74      0x1b1 Project THUMB Debug/stm32l1xx_dma.o
 .debug_macro   0x000000000000c125      0x3a8 Project THUMB Debug/stm32l1xx_dma.o
 .debug_macro   0x000000000000c4cd      0x163 Project THUMB Debug/stm32l1xx_exti.o
 .debug_macro   0x000000000000c630       0xb3 Project THUMB Debug/stm32l1xx_exti.o
 .debug_macro   0x000000000000c6e3      0x15d Project THUMB Debug/stm32l1xx_gpio.o
 .debug_macro   0x000000000000c840      0x1fd Project THUMB Debug/stm32l1xx_gpio.o
 .debug_macro   0x000000000000ca3d      0x1cc Project THUMB Debug/stm32l1xx_lcd.o
 .debug_macro   0x000000000000cc09      0x31f Project THUMB Debug/stm32l1xx_lcd.o
 .debug_macro   0x000000000000cf28      0x1bd Project THUMB Debug/stm32l1xx_pwr.o
 .debug_macro   0x000000000000d0e5       0xdb Project THUMB Debug/stm32l1xx_pwr.o
 .debug_macro   0x000000000000d1c0      0x203 Project THUMB Debug/stm32l1xx_rcc.o
 .debug_macro   0x000000000000d3c3      0x40d Project THUMB Debug/stm32l1xx_rcc.o
 .debug_macro   0x000000000000d7d0      0x19d Project THUMB Debug/stm32l1xx_rtc.o
 .debug_macro   0x000000000000d96d      0x5c9 Project THUMB Debug/stm32l1xx_rtc.o
 .debug_macro   0x000000000000df36      0x169 Project THUMB Debug/stm32l1xx_syscfg.o
 .debug_macro   0x000000000000e09f      0x41b Project THUMB Debug/stm32l1xx_syscfg.o
 .debug_macro   0x000000000000e4ba      0x195 Project THUMB Debug/stm32l_discovery_lcd.o
 .debug_macro   0x000000000000e64f       0x7c Project THUMB Debug/stm32l_discovery_lcd.o
 .debug_macro   0x000000000000e6cb       0xa0 Project THUMB Debug/stm32l_discovery_lcd.o
 .debug_macro   0x000000000000e76b       0x89 Project THUMB Debug/stm32l_discovery_lcd.o
 .debug_macro   0x000000000000e7f4       0x78 Project THUMB Debug/stm32l_discovery_lcd.o
 .debug_macro   0x000000000000e86c      0x191 Project THUMB Debug/main.o
 .debug_macro   0x000000000000e9fd      0x19b Project THUMB Debug/stm32l1xx_it.o
